[    2560ms] [ERROR] Failed to load resource: the server responded with a status of 500 (Internal Server Error) @ http://localhost:3002/api/orchestrator/agents?userId=dev-user-id:0
[    2560ms] [WARNING] [UserProvider] Orchestrator failed, falling back to local API @ webpack-internal:///(app-pages-browser)/./components/providers/user-data-provider.tsx:42
[    2563ms] [ERROR] Failed to load resource: the server responded with a status of 500 (Internal Server Error) @ http://localhost:3002/api/user/sessions/track:0
[    2580ms] [ERROR] Failed to load resource: the server responded with a status of 500 (Internal Server Error) @ http://localhost:3002/ru/dashboard/agents/agent-1/wizard:0
[    2583ms] [ERROR] Error loading balance: Error: 
Invalid `prisma.user.findUnique()` invocation:


Can't reach database server at `db:5432`

Please make sure your database server is running at `db:5432`.
    at $n.handleRequestError (/Users/enderwar/Documents/Programming/external/leo/leo/node_modules/@prisma/client/runtime/library.js:121:7615)
    at $n.handleAndLogRequestError (/Users/enderwar/Documents/Programming/external/leo/leo/node_modules/@prisma/client/runtime/library.js:121:6623)
    at $n.request (/Users/enderwar/Documents/Programming/external/leo/leo/node_modules/@prisma/client/runtime/library.js:121:6307)
    at l (/Users/enderwar/Documents/Programming/external/leo/leo/node_modules/@prisma/client/runtime/library.js:130:9633)
    at getUserBalance (webpack-internal:///(action-browser)/./lib/balance.ts:20:18)
    at getCurrentUserBalance (webpack-internal:///(action-browser)/./actions/balance.ts:37:19)
    at /Users/enderwar/Documents/Programming/external/leo/leo/node_modules/next/dist/compiled/next-server/webpack:/next/dist/esm/server/app-render/action-handler.js:467:31
    at rw (/Users/enderwar/Documents/Programming/external/leo/leo/node_modules/next/dist/compiled/next-server/webpack:/next/dist/esm/server/app-render/action-handler.js:309:9)
    at r6 (/Users/enderwar/Documents/Programming/external/leo/leo/node_modules/next/dist/compiled/next-server/webpack:/next/dist/esm/server/app-render/app-render.js:842:33)
    at doRender (/Users/enderwar/Documents/Programming/external/leo/leo/node_modules/next/src/server/base-server.ts:2352:20)
    at cacheEntry.responseCache.get.routeKind (/Users/enderwar/Documents/Programming/external/leo/leo/node_modules/next/src/server/base-server.ts:2580:30)
    at DevServer.renderToResponseWithComponentsImpl (/Users/enderwar/Documents/Programming/external/leo/leo/node_modules/next/src/server/base-server.ts:2454:24)
    at DevServer.renderPageComponent (/Users/enderwar/Documents/Programming/external/leo/leo/node_modules/next/src/server/base-server.ts:3040:16)
    at DevServer.renderToResponseImpl (/Users/enderwar/Documents/Programming/external/leo/leo/node_modules/next/src/server/base-server.ts:3102:24)
    at DevServer.pipeImpl (/Users/enderwar/Documents/Programming/external/leo/leo/node_modules/next/src/server/base-server.ts:1544:21)
    at DevServer.NextNodeServer.handleCatchallRenderRequest (/Users/enderwar/Documents/Programming/external/leo/leo/node_modules/next/src/server/next-server.ts:1007:7)
    at DevServer.handleRequestImpl (/Users/enderwar/Documents/Programming/external/leo/leo/node_modules/next/src/server/base-server.ts:1325:9)
    at /Users/enderwar/Documents/Programming/external/leo/leo/node_modules/next/src/server/dev/next-dev-server.ts:461:14
    at Span.traceAsyncFn (/Users/enderwar/Documents/Programming/external/leo/leo/node_modules/next/src/trace/trace.ts:141:14)
    at DevServer.handleRequest (/Users/enderwar/Documents/Programming/external/leo/leo/node_modules/next/src/server/dev/next-dev-server.ts:459:20)
    at invokeRender (/Users/enderwar/Documents/Programming/external/leo/leo/node_modules/next/src/server/lib/router-server.ts:266:11)
    at handleRequest (/Users/enderwar/Documents/Programming/external/leo/leo/node_modules/next/src/server/lib/router-server.ts:512:16)
    at requestHandlerImpl (/Users/enderwar/Documents/Programming/external/leo/leo/node_modules/next/src/server/lib/router-server.ts:558:7)
    at Server.requestListener (/Users/enderwar/Documents/Programming/external/leo/leo/node_modules/next/src/server/lib/start-server.ts:139:7) @ webpack-internal:///(app-pages-browser)/./node_modules/next/dist/client/app-index.js:32
[    2654ms] [ERROR] Failed to load resource: the server responded with a status of 500 (Internal Server Error) @ http://localhost:3002/ru/dashboard/agents/agent-1/wizard:0
[    2657ms] [ERROR] Error loading balance: Error: 
Invalid `prisma.user.findUnique()` invocation:


Can't reach database server at `db:5432`

Please make sure your database server is running at `db:5432`.
    at $n.handleRequestError (/Users/enderwar/Documents/Programming/external/leo/leo/node_modules/@prisma/client/runtime/library.js:121:7615)
    at $n.handleAndLogRequestError (/Users/enderwar/Documents/Programming/external/leo/leo/node_modules/@prisma/client/runtime/library.js:121:6623)
    at $n.request (/Users/enderwar/Documents/Programming/external/leo/leo/node_modules/@prisma/client/runtime/library.js:121:6307)
    at l (/Users/enderwar/Documents/Programming/external/leo/leo/node_modules/@prisma/client/runtime/library.js:130:9633)
    at getUserBalance (webpack-internal:///(action-browser)/./lib/balance.ts:20:18)
    at getCurrentUserBalance (webpack-internal:///(action-browser)/./actions/balance.ts:37:19)
    at /Users/enderwar/Documents/Programming/external/leo/leo/node_modules/next/dist/compiled/next-server/webpack:/next/dist/esm/server/app-render/action-handler.js:467:31
    at rw (/Users/enderwar/Documents/Programming/external/leo/leo/node_modules/next/dist/compiled/next-server/webpack:/next/dist/esm/server/app-render/action-handler.js:309:9)
    at r6 (/Users/enderwar/Documents/Programming/external/leo/leo/node_modules/next/dist/compiled/next-server/webpack:/next/dist/esm/server/app-render/app-render.js:842:33)
    at doRender (/Users/enderwar/Documents/Programming/external/leo/leo/node_modules/next/src/server/base-server.ts:2352:20)
    at cacheEntry.responseCache.get.routeKind (/Users/enderwar/Documents/Programming/external/leo/leo/node_modules/next/src/server/base-server.ts:2580:30)
    at DevServer.renderToResponseWithComponentsImpl (/Users/enderwar/Documents/Programming/external/leo/leo/node_modules/next/src/server/base-server.ts:2454:24)
    at DevServer.renderPageComponent (/Users/enderwar/Documents/Programming/external/leo/leo/node_modules/next/src/server/base-server.ts:3040:16)
    at DevServer.renderToResponseImpl (/Users/enderwar/Documents/Programming/external/leo/leo/node_modules/next/src/server/base-server.ts:3102:24)
    at DevServer.pipeImpl (/Users/enderwar/Documents/Programming/external/leo/leo/node_modules/next/src/server/base-server.ts:1544:21)
    at DevServer.NextNodeServer.handleCatchallRenderRequest (/Users/enderwar/Documents/Programming/external/leo/leo/node_modules/next/src/server/next-server.ts:1007:7)
    at DevServer.handleRequestImpl (/Users/enderwar/Documents/Programming/external/leo/leo/node_modules/next/src/server/base-server.ts:1325:9)
    at /Users/enderwar/Documents/Programming/external/leo/leo/node_modules/next/src/server/dev/next-dev-server.ts:461:14
    at Span.traceAsyncFn (/Users/enderwar/Documents/Programming/external/leo/leo/node_modules/next/src/trace/trace.ts:141:14)
    at DevServer.handleRequest (/Users/enderwar/Documents/Programming/external/leo/leo/node_modules/next/src/server/dev/next-dev-server.ts:459:20)
    at invokeRender (/Users/enderwar/Documents/Programming/external/leo/leo/node_modules/next/src/server/lib/router-server.ts:266:11)
    at handleRequest (/Users/enderwar/Documents/Programming/external/leo/leo/node_modules/next/src/server/lib/router-server.ts:512:16)
    at requestHandlerImpl (/Users/enderwar/Documents/Programming/external/leo/leo/node_modules/next/src/server/lib/router-server.ts:558:7)
    at Server.requestListener (/Users/enderwar/Documents/Programming/external/leo/leo/node_modules/next/src/server/lib/start-server.ts:139:7) @ webpack-internal:///(app-pages-browser)/./node_modules/next/dist/client/app-index.js:32
[    2660ms] [ERROR] Failed to load resource: the server responded with a status of 500 (Internal Server Error) @ http://localhost:3002/api/user/profile:0
[    2712ms] [ERROR] Failed to load resource: the server responded with a status of 500 (Internal Server Error) @ http://localhost:3002/ru/dashboard/agents/agent-1/wizard:0
[    2714ms] [ERROR] Error loading balance: Error: 
Invalid `prisma.user.findUnique()` invocation:


Can't reach database server at `db:5432`

Please make sure your database server is running at `db:5432`.
    at $n.handleRequestError (/Users/enderwar/Documents/Programming/external/leo/leo/node_modules/@prisma/client/runtime/library.js:121:7615)
    at $n.handleAndLogRequestError (/Users/enderwar/Documents/Programming/external/leo/leo/node_modules/@prisma/client/runtime/library.js:121:6623)
    at $n.request (/Users/enderwar/Documents/Programming/external/leo/leo/node_modules/@prisma/client/runtime/library.js:121:6307)
    at l (/Users/enderwar/Documents/Programming/external/leo/leo/node_modules/@prisma/client/runtime/library.js:130:9633)
    at getUserBalance (webpack-internal:///(action-browser)/./lib/balance.ts:20:18)
    at getCurrentUserBalance (webpack-internal:///(action-browser)/./actions/balance.ts:37:19)
    at /Users/enderwar/Documents/Programming/external/leo/leo/node_modules/next/dist/compiled/next-server/webpack:/next/dist/esm/server/app-render/action-handler.js:467:31
    at rw (/Users/enderwar/Documents/Programming/external/leo/leo/node_modules/next/dist/compiled/next-server/webpack:/next/dist/esm/server/app-render/action-handler.js:309:9)
    at r6 (/Users/enderwar/Documents/Programming/external/leo/leo/node_modules/next/dist/compiled/next-server/webpack:/next/dist/esm/server/app-render/app-render.js:842:33)
    at doRender (/Users/enderwar/Documents/Programming/external/leo/leo/node_modules/next/src/server/base-server.ts:2352:20)
    at cacheEntry.responseCache.get.routeKind (/Users/enderwar/Documents/Programming/external/leo/leo/node_modules/next/src/server/base-server.ts:2580:30)
    at DevServer.renderToResponseWithComponentsImpl (/Users/enderwar/Documents/Programming/external/leo/leo/node_modules/next/src/server/base-server.ts:2454:24)
    at DevServer.renderPageComponent (/Users/enderwar/Documents/Programming/external/leo/leo/node_modules/next/src/server/base-server.ts:3040:16)
    at DevServer.renderToResponseImpl (/Users/enderwar/Documents/Programming/external/leo/leo/node_modules/next/src/server/base-server.ts:3102:24)
    at DevServer.pipeImpl (/Users/enderwar/Documents/Programming/external/leo/leo/node_modules/next/src/server/base-server.ts:1544:21)
    at DevServer.NextNodeServer.handleCatchallRenderRequest (/Users/enderwar/Documents/Programming/external/leo/leo/node_modules/next/src/server/next-server.ts:1007:7)
    at DevServer.handleRequestImpl (/Users/enderwar/Documents/Programming/external/leo/leo/node_modules/next/src/server/base-server.ts:1325:9)
    at /Users/enderwar/Documents/Programming/external/leo/leo/node_modules/next/src/server/dev/next-dev-server.ts:461:14
    at Span.traceAsyncFn (/Users/enderwar/Documents/Programming/external/leo/leo/node_modules/next/src/trace/trace.ts:141:14)
    at DevServer.handleRequest (/Users/enderwar/Documents/Programming/external/leo/leo/node_modules/next/src/server/dev/next-dev-server.ts:459:20)
    at invokeRender (/Users/enderwar/Documents/Programming/external/leo/leo/node_modules/next/src/server/lib/router-server.ts:266:11)
    at handleRequest (/Users/enderwar/Documents/Programming/external/leo/leo/node_modules/next/src/server/lib/router-server.ts:512:16)
    at requestHandlerImpl (/Users/enderwar/Documents/Programming/external/leo/leo/node_modules/next/src/server/lib/router-server.ts:558:7)
    at Server.requestListener (/Users/enderwar/Documents/Programming/external/leo/leo/node_modules/next/src/server/lib/start-server.ts:139:7) @ webpack-internal:///(app-pages-browser)/./node_modules/next/dist/client/app-index.js:32
[    2772ms] [ERROR] Failed to load resource: the server responded with a status of 500 (Internal Server Error) @ http://localhost:3002/ru/dashboard/agents/agent-1/wizard:0
[    2774ms] [ERROR] Error loading balance: Error: 
Invalid `prisma.user.findUnique()` invocation:


Can't reach database server at `db:5432`

Please make sure your database server is running at `db:5432`.
    at $n.handleRequestError (/Users/enderwar/Documents/Programming/external/leo/leo/node_modules/@prisma/client/runtime/library.js:121:7615)
    at $n.handleAndLogRequestError (/Users/enderwar/Documents/Programming/external/leo/leo/node_modules/@prisma/client/runtime/library.js:121:6623)
    at $n.request (/Users/enderwar/Documents/Programming/external/leo/leo/node_modules/@prisma/client/runtime/library.js:121:6307)
    at l (/Users/enderwar/Documents/Programming/external/leo/leo/node_modules/@prisma/client/runtime/library.js:130:9633)
    at getUserBalance (webpack-internal:///(action-browser)/./lib/balance.ts:20:18)
    at getCurrentUserBalance (webpack-internal:///(action-browser)/./actions/balance.ts:37:19)
    at /Users/enderwar/Documents/Programming/external/leo/leo/node_modules/next/dist/compiled/next-server/webpack:/next/dist/esm/server/app-render/action-handler.js:467:31
    at rw (/Users/enderwar/Documents/Programming/external/leo/leo/node_modules/next/dist/compiled/next-server/webpack:/next/dist/esm/server/app-render/action-handler.js:309:9)
    at r6 (/Users/enderwar/Documents/Programming/external/leo/leo/node_modules/next/dist/compiled/next-server/webpack:/next/dist/esm/server/app-render/app-render.js:842:33)
    at doRender (/Users/enderwar/Documents/Programming/external/leo/leo/node_modules/next/src/server/base-server.ts:2352:20)
    at cacheEntry.responseCache.get.routeKind (/Users/enderwar/Documents/Programming/external/leo/leo/node_modules/next/src/server/base-server.ts:2580:30)
    at DevServer.renderToResponseWithComponentsImpl (/Users/enderwar/Documents/Programming/external/leo/leo/node_modules/next/src/server/base-server.ts:2454:24)
    at DevServer.renderPageComponent (/Users/enderwar/Documents/Programming/external/leo/leo/node_modules/next/src/server/base-server.ts:3040:16)
    at DevServer.renderToResponseImpl (/Users/enderwar/Documents/Programming/external/leo/leo/node_modules/next/src/server/base-server.ts:3102:24)
    at DevServer.pipeImpl (/Users/enderwar/Documents/Programming/external/leo/leo/node_modules/next/src/server/base-server.ts:1544:21)
    at DevServer.NextNodeServer.handleCatchallRenderRequest (/Users/enderwar/Documents/Programming/external/leo/leo/node_modules/next/src/server/next-server.ts:1007:7)
    at DevServer.handleRequestImpl (/Users/enderwar/Documents/Programming/external/leo/leo/node_modules/next/src/server/base-server.ts:1325:9)
    at /Users/enderwar/Documents/Programming/external/leo/leo/node_modules/next/src/server/dev/next-dev-server.ts:461:14
    at Span.traceAsyncFn (/Users/enderwar/Documents/Programming/external/leo/leo/node_modules/next/src/trace/trace.ts:141:14)
    at DevServer.handleRequest (/Users/enderwar/Documents/Programming/external/leo/leo/node_modules/next/src/server/dev/next-dev-server.ts:459:20)
    at invokeRender (/Users/enderwar/Documents/Programming/external/leo/leo/node_modules/next/src/server/lib/router-server.ts:266:11)
    at handleRequest (/Users/enderwar/Documents/Programming/external/leo/leo/node_modules/next/src/server/lib/router-server.ts:512:16)
    at requestHandlerImpl (/Users/enderwar/Documents/Programming/external/leo/leo/node_modules/next/src/server/lib/router-server.ts:558:7)
    at Server.requestListener (/Users/enderwar/Documents/Programming/external/leo/leo/node_modules/next/src/server/lib/start-server.ts:139:7) @ webpack-internal:///(app-pages-browser)/./node_modules/next/dist/client/app-index.js:32
[    2839ms] [ERROR] Failed to load resource: the server responded with a status of 500 (Internal Server Error) @ http://localhost:3002/api/agents/agent-1/wizard:0
[    2860ms] [ERROR] Failed to load resource: the server responded with a status of 500 (Internal Server Error) @ http://localhost:3002/api/agents/agent-1/wizard:0
[   32189ms] [ERROR] Failed to load resource: the server responded with a status of 500 (Internal Server Error) @ http://localhost:3002/ru/dashboard/agents/agent-1/wizard:0
[   32192ms] [ERROR] Error loading balance: Error: 
Invalid `prisma.user.findUnique()` invocation:


Can't reach database server at `db:5432`

Please make sure your database server is running at `db:5432`.
    at $n.handleRequestError (/Users/enderwar/Documents/Programming/external/leo/leo/node_modules/@prisma/client/runtime/library.js:121:7615)
    at $n.handleAndLogRequestError (/Users/enderwar/Documents/Programming/external/leo/leo/node_modules/@prisma/client/runtime/library.js:121:6623)
    at $n.request (/Users/enderwar/Documents/Programming/external/leo/leo/node_modules/@prisma/client/runtime/library.js:121:6307)
    at l (/Users/enderwar/Documents/Programming/external/leo/leo/node_modules/@prisma/client/runtime/library.js:130:9633)
    at getUserBalance (webpack-internal:///(action-browser)/./lib/balance.ts:20:18)
    at getCurrentUserBalance (webpack-internal:///(action-browser)/./actions/balance.ts:37:19)
    at /Users/enderwar/Documents/Programming/external/leo/leo/node_modules/next/dist/compiled/next-server/webpack:/next/dist/esm/server/app-render/action-handler.js:467:31
    at rw (/Users/enderwar/Documents/Programming/external/leo/leo/node_modules/next/dist/compiled/next-server/webpack:/next/dist/esm/server/app-render/action-handler.js:309:9)
    at r6 (/Users/enderwar/Documents/Programming/external/leo/leo/node_modules/next/dist/compiled/next-server/webpack:/next/dist/esm/server/app-render/app-render.js:842:33)
    at doRender (/Users/enderwar/Documents/Programming/external/leo/leo/node_modules/next/src/server/base-server.ts:2352:20)
    at cacheEntry.responseCache.get.routeKind (/Users/enderwar/Documents/Programming/external/leo/leo/node_modules/next/src/server/base-server.ts:2580:30)
    at DevServer.renderToResponseWithComponentsImpl (/Users/enderwar/Documents/Programming/external/leo/leo/node_modules/next/src/server/base-server.ts:2454:24)
    at DevServer.renderPageComponent (/Users/enderwar/Documents/Programming/external/leo/leo/node_modules/next/src/server/base-server.ts:3040:16)
    at DevServer.renderToResponseImpl (/Users/enderwar/Documents/Programming/external/leo/leo/node_modules/next/src/server/base-server.ts:3102:24)
    at DevServer.pipeImpl (/Users/enderwar/Documents/Programming/external/leo/leo/node_modules/next/src/server/base-server.ts:1544:21)
    at DevServer.NextNodeServer.handleCatchallRenderRequest (/Users/enderwar/Documents/Programming/external/leo/leo/node_modules/next/src/server/next-server.ts:1007:7)
    at DevServer.handleRequestImpl (/Users/enderwar/Documents/Programming/external/leo/leo/node_modules/next/src/server/base-server.ts:1325:9)
    at /Users/enderwar/Documents/Programming/external/leo/leo/node_modules/next/src/server/dev/next-dev-server.ts:461:14
    at Span.traceAsyncFn (/Users/enderwar/Documents/Programming/external/leo/leo/node_modules/next/src/trace/trace.ts:141:14)
    at DevServer.handleRequest (/Users/enderwar/Documents/Programming/external/leo/leo/node_modules/next/src/server/dev/next-dev-server.ts:459:20)
    at invokeRender (/Users/enderwar/Documents/Programming/external/leo/leo/node_modules/next/src/server/lib/router-server.ts:266:11)
    at handleRequest (/Users/enderwar/Documents/Programming/external/leo/leo/node_modules/next/src/server/lib/router-server.ts:512:16)
    at requestHandlerImpl (/Users/enderwar/Documents/Programming/external/leo/leo/node_modules/next/src/server/lib/router-server.ts:558:7)
    at Server.requestListener (/Users/enderwar/Documents/Programming/external/leo/leo/node_modules/next/src/server/lib/start-server.ts:139:7) @ webpack-internal:///(app-pages-browser)/./node_modules/next/dist/client/app-index.js:32
[   32237ms] [ERROR] Failed to load resource: the server responded with a status of 500 (Internal Server Error) @ http://localhost:3002/ru/dashboard/agents/agent-1/wizard:0
[   32240ms] [ERROR] Error loading balance: Error: 
Invalid `prisma.user.findUnique()` invocation:


Can't reach database server at `db:5432`

Please make sure your database server is running at `db:5432`.
    at $n.handleRequestError (/Users/enderwar/Documents/Programming/external/leo/leo/node_modules/@prisma/client/runtime/library.js:121:7615)
    at $n.handleAndLogRequestError (/Users/enderwar/Documents/Programming/external/leo/leo/node_modules/@prisma/client/runtime/library.js:121:6623)
    at $n.request (/Users/enderwar/Documents/Programming/external/leo/leo/node_modules/@prisma/client/runtime/library.js:121:6307)
    at l (/Users/enderwar/Documents/Programming/external/leo/leo/node_modules/@prisma/client/runtime/library.js:130:9633)
    at getUserBalance (webpack-internal:///(action-browser)/./lib/balance.ts:20:18)
    at getCurrentUserBalance (webpack-internal:///(action-browser)/./actions/balance.ts:37:19)
    at /Users/enderwar/Documents/Programming/external/leo/leo/node_modules/next/dist/compiled/next-server/webpack:/next/dist/esm/server/app-render/action-handler.js:467:31
    at rw (/Users/enderwar/Documents/Programming/external/leo/leo/node_modules/next/dist/compiled/next-server/webpack:/next/dist/esm/server/app-render/action-handler.js:309:9)
    at r6 (/Users/enderwar/Documents/Programming/external/leo/leo/node_modules/next/dist/compiled/next-server/webpack:/next/dist/esm/server/app-render/app-render.js:842:33)
    at doRender (/Users/enderwar/Documents/Programming/external/leo/leo/node_modules/next/src/server/base-server.ts:2352:20)
    at cacheEntry.responseCache.get.routeKind (/Users/enderwar/Documents/Programming/external/leo/leo/node_modules/next/src/server/base-server.ts:2580:30)
    at DevServer.renderToResponseWithComponentsImpl (/Users/enderwar/Documents/Programming/external/leo/leo/node_modules/next/src/server/base-server.ts:2454:24)
    at DevServer.renderPageComponent (/Users/enderwar/Documents/Programming/external/leo/leo/node_modules/next/src/server/base-server.ts:3040:16)
    at DevServer.renderToResponseImpl (/Users/enderwar/Documents/Programming/external/leo/leo/node_modules/next/src/server/base-server.ts:3102:24)
    at DevServer.pipeImpl (/Users/enderwar/Documents/Programming/external/leo/leo/node_modules/next/src/server/base-server.ts:1544:21)
    at DevServer.NextNodeServer.handleCatchallRenderRequest (/Users/enderwar/Documents/Programming/external/leo/leo/node_modules/next/src/server/next-server.ts:1007:7)
    at DevServer.handleRequestImpl (/Users/enderwar/Documents/Programming/external/leo/leo/node_modules/next/src/server/base-server.ts:1325:9)
    at /Users/enderwar/Documents/Programming/external/leo/leo/node_modules/next/src/server/dev/next-dev-server.ts:461:14
    at Span.traceAsyncFn (/Users/enderwar/Documents/Programming/external/leo/leo/node_modules/next/src/trace/trace.ts:141:14)
    at DevServer.handleRequest (/Users/enderwar/Documents/Programming/external/leo/leo/node_modules/next/src/server/dev/next-dev-server.ts:459:20)
    at invokeRender (/Users/enderwar/Documents/Programming/external/leo/leo/node_modules/next/src/server/lib/router-server.ts:266:11)
    at handleRequest (/Users/enderwar/Documents/Programming/external/leo/leo/node_modules/next/src/server/lib/router-server.ts:512:16)
    at requestHandlerImpl (/Users/enderwar/Documents/Programming/external/leo/leo/node_modules/next/src/server/lib/router-server.ts:558:7)
    at Server.requestListener (/Users/enderwar/Documents/Programming/external/leo/leo/node_modules/next/src/server/lib/start-server.ts:139:7) @ webpack-internal:///(app-pages-browser)/./node_modules/next/dist/client/app-index.js:32
[   62126ms] [ERROR] Failed to load resource: the server responded with a status of 500 (Internal Server Error) @ http://localhost:3002/ru/dashboard/agents/agent-1/wizard:0
[   62127ms] [ERROR] Error loading balance: Error: 
Invalid `prisma.user.findUnique()` invocation:


Can't reach database server at `db:5432`

Please make sure your database server is running at `db:5432`.
    at $n.handleRequestError (/Users/enderwar/Documents/Programming/external/leo/leo/node_modules/@prisma/client/runtime/library.js:121:7615)
    at $n.handleAndLogRequestError (/Users/enderwar/Documents/Programming/external/leo/leo/node_modules/@prisma/client/runtime/library.js:121:6623)
    at $n.request (/Users/enderwar/Documents/Programming/external/leo/leo/node_modules/@prisma/client/runtime/library.js:121:6307)
    at l (/Users/enderwar/Documents/Programming/external/leo/leo/node_modules/@prisma/client/runtime/library.js:130:9633)
    at getUserBalance (webpack-internal:///(action-browser)/./lib/balance.ts:20:18)
    at getCurrentUserBalance (webpack-internal:///(action-browser)/./actions/balance.ts:37:19)
    at /Users/enderwar/Documents/Programming/external/leo/leo/node_modules/next/dist/compiled/next-server/webpack:/next/dist/esm/server/app-render/action-handler.js:467:31
    at rw (/Users/enderwar/Documents/Programming/external/leo/leo/node_modules/next/dist/compiled/next-server/webpack:/next/dist/esm/server/app-render/action-handler.js:309:9)
    at r6 (/Users/enderwar/Documents/Programming/external/leo/leo/node_modules/next/dist/compiled/next-server/webpack:/next/dist/esm/server/app-render/app-render.js:842:33)
    at doRender (/Users/enderwar/Documents/Programming/external/leo/leo/node_modules/next/src/server/base-server.ts:2352:20)
    at cacheEntry.responseCache.get.routeKind (/Users/enderwar/Documents/Programming/external/leo/leo/node_modules/next/src/server/base-server.ts:2580:30)
    at DevServer.renderToResponseWithComponentsImpl (/Users/enderwar/Documents/Programming/external/leo/leo/node_modules/next/src/server/base-server.ts:2454:24)
    at DevServer.renderPageComponent (/Users/enderwar/Documents/Programming/external/leo/leo/node_modules/next/src/server/base-server.ts:3040:16)
    at DevServer.renderToResponseImpl (/Users/enderwar/Documents/Programming/external/leo/leo/node_modules/next/src/server/base-server.ts:3102:24)
    at DevServer.pipeImpl (/Users/enderwar/Documents/Programming/external/leo/leo/node_modules/next/src/server/base-server.ts:1544:21)
    at DevServer.NextNodeServer.handleCatchallRenderRequest (/Users/enderwar/Documents/Programming/external/leo/leo/node_modules/next/src/server/next-server.ts:1007:7)
    at DevServer.handleRequestImpl (/Users/enderwar/Documents/Programming/external/leo/leo/node_modules/next/src/server/base-server.ts:1325:9)
    at /Users/enderwar/Documents/Programming/external/leo/leo/node_modules/next/src/server/dev/next-dev-server.ts:461:14
    at Span.traceAsyncFn (/Users/enderwar/Documents/Programming/external/leo/leo/node_modules/next/src/trace/trace.ts:141:14)
    at DevServer.handleRequest (/Users/enderwar/Documents/Programming/external/leo/leo/node_modules/next/src/server/dev/next-dev-server.ts:459:20)
    at invokeRender (/Users/enderwar/Documents/Programming/external/leo/leo/node_modules/next/src/server/lib/router-server.ts:266:11)
    at handleRequest (/Users/enderwar/Documents/Programming/external/leo/leo/node_modules/next/src/server/lib/router-server.ts:512:16)
    at requestHandlerImpl (/Users/enderwar/Documents/Programming/external/leo/leo/node_modules/next/src/server/lib/router-server.ts:558:7)
    at Server.requestListener (/Users/enderwar/Documents/Programming/external/leo/leo/node_modules/next/src/server/lib/start-server.ts:139:7) @ webpack-internal:///(app-pages-browser)/./node_modules/next/dist/client/app-index.js:32
[   62155ms] [ERROR] Failed to load resource: the server responded with a status of 500 (Internal Server Error) @ http://localhost:3002/ru/dashboard/agents/agent-1/wizard:0
[   62156ms] [ERROR] Error loading balance: Error: 
Invalid `prisma.user.findUnique()` invocation:


Can't reach database server at `db:5432`

Please make sure your database server is running at `db:5432`.
    at $n.handleRequestError (/Users/enderwar/Documents/Programming/external/leo/leo/node_modules/@prisma/client/runtime/library.js:121:7615)
    at $n.handleAndLogRequestError (/Users/enderwar/Documents/Programming/external/leo/leo/node_modules/@prisma/client/runtime/library.js:121:6623)
    at $n.request (/Users/enderwar/Documents/Programming/external/leo/leo/node_modules/@prisma/client/runtime/library.js:121:6307)
    at l (/Users/enderwar/Documents/Programming/external/leo/leo/node_modules/@prisma/client/runtime/library.js:130:9633)
    at getUserBalance (webpack-internal:///(action-browser)/./lib/balance.ts:20:18)
    at getCurrentUserBalance (webpack-internal:///(action-browser)/./actions/balance.ts:37:19)
    at /Users/enderwar/Documents/Programming/external/leo/leo/node_modules/next/dist/compiled/next-server/webpack:/next/dist/esm/server/app-render/action-handler.js:467:31
    at rw (/Users/enderwar/Documents/Programming/external/leo/leo/node_modules/next/dist/compiled/next-server/webpack:/next/dist/esm/server/app-render/action-handler.js:309:9)
    at r6 (/Users/enderwar/Documents/Programming/external/leo/leo/node_modules/next/dist/compiled/next-server/webpack:/next/dist/esm/server/app-render/app-render.js:842:33)
    at doRender (/Users/enderwar/Documents/Programming/external/leo/leo/node_modules/next/src/server/base-server.ts:2352:20)
    at cacheEntry.responseCache.get.routeKind (/Users/enderwar/Documents/Programming/external/leo/leo/node_modules/next/src/server/base-server.ts:2580:30)
    at DevServer.renderToResponseWithComponentsImpl (/Users/enderwar/Documents/Programming/external/leo/leo/node_modules/next/src/server/base-server.ts:2454:24)
    at DevServer.renderPageComponent (/Users/enderwar/Documents/Programming/external/leo/leo/node_modules/next/src/server/base-server.ts:3040:16)
    at DevServer.renderToResponseImpl (/Users/enderwar/Documents/Programming/external/leo/leo/node_modules/next/src/server/base-server.ts:3102:24)
    at DevServer.pipeImpl (/Users/enderwar/Documents/Programming/external/leo/leo/node_modules/next/src/server/base-server.ts:1544:21)
    at DevServer.NextNodeServer.handleCatchallRenderRequest (/Users/enderwar/Documents/Programming/external/leo/leo/node_modules/next/src/server/next-server.ts:1007:7)
    at DevServer.handleRequestImpl (/Users/enderwar/Documents/Programming/external/leo/leo/node_modules/next/src/server/base-server.ts:1325:9)
    at /Users/enderwar/Documents/Programming/external/leo/leo/node_modules/next/src/server/dev/next-dev-server.ts:461:14
    at Span.traceAsyncFn (/Users/enderwar/Documents/Programming/external/leo/leo/node_modules/next/src/trace/trace.ts:141:14)
    at DevServer.handleRequest (/Users/enderwar/Documents/Programming/external/leo/leo/node_modules/next/src/server/dev/next-dev-server.ts:459:20)
    at invokeRender (/Users/enderwar/Documents/Programming/external/leo/leo/node_modules/next/src/server/lib/router-server.ts:266:11)
    at handleRequest (/Users/enderwar/Documents/Programming/external/leo/leo/node_modules/next/src/server/lib/router-server.ts:512:16)
    at requestHandlerImpl (/Users/enderwar/Documents/Programming/external/leo/leo/node_modules/next/src/server/lib/router-server.ts:558:7)
    at Server.requestListener (/Users/enderwar/Documents/Programming/external/leo/leo/node_modules/next/src/server/lib/start-server.ts:139:7) @ webpack-internal:///(app-pages-browser)/./node_modules/next/dist/client/app-index.js:32
[   92262ms] [ERROR] Failed to load resource: the server responded with a status of 500 (Internal Server Error) @ http://localhost:3002/ru/dashboard/agents/agent-1/wizard:0
[   92264ms] [ERROR] Error loading balance: Error: 
Invalid `prisma.user.findUnique()` invocation:


Can't reach database server at `db:5432`

Please make sure your database server is running at `db:5432`.
    at $n.handleRequestError (/Users/enderwar/Documents/Programming/external/leo/leo/node_modules/@prisma/client/runtime/library.js:121:7615)
    at $n.handleAndLogRequestError (/Users/enderwar/Documents/Programming/external/leo/leo/node_modules/@prisma/client/runtime/library.js:121:6623)
    at $n.request (/Users/enderwar/Documents/Programming/external/leo/leo/node_modules/@prisma/client/runtime/library.js:121:6307)
    at l (/Users/enderwar/Documents/Programming/external/leo/leo/node_modules/@prisma/client/runtime/library.js:130:9633)
    at getUserBalance (webpack-internal:///(action-browser)/./lib/balance.ts:20:18)
    at getCurrentUserBalance (webpack-internal:///(action-browser)/./actions/balance.ts:37:19)
    at /Users/enderwar/Documents/Programming/external/leo/leo/node_modules/next/dist/compiled/next-server/webpack:/next/dist/esm/server/app-render/action-handler.js:467:31
    at rw (/Users/enderwar/Documents/Programming/external/leo/leo/node_modules/next/dist/compiled/next-server/webpack:/next/dist/esm/server/app-render/action-handler.js:309:9)
    at r6 (/Users/enderwar/Documents/Programming/external/leo/leo/node_modules/next/dist/compiled/next-server/webpack:/next/dist/esm/server/app-render/app-render.js:842:33)
    at doRender (/Users/enderwar/Documents/Programming/external/leo/leo/node_modules/next/src/server/base-server.ts:2352:20)
    at cacheEntry.responseCache.get.routeKind (/Users/enderwar/Documents/Programming/external/leo/leo/node_modules/next/src/server/base-server.ts:2580:30)
    at DevServer.renderToResponseWithComponentsImpl (/Users/enderwar/Documents/Programming/external/leo/leo/node_modules/next/src/server/base-server.ts:2454:24)
    at DevServer.renderPageComponent (/Users/enderwar/Documents/Programming/external/leo/leo/node_modules/next/src/server/base-server.ts:3040:16)
    at DevServer.renderToResponseImpl (/Users/enderwar/Documents/Programming/external/leo/leo/node_modules/next/src/server/base-server.ts:3102:24)
    at DevServer.pipeImpl (/Users/enderwar/Documents/Programming/external/leo/leo/node_modules/next/src/server/base-server.ts:1544:21)
    at DevServer.NextNodeServer.handleCatchallRenderRequest (/Users/enderwar/Documents/Programming/external/leo/leo/node_modules/next/src/server/next-server.ts:1007:7)
    at DevServer.handleRequestImpl (/Users/enderwar/Documents/Programming/external/leo/leo/node_modules/next/src/server/base-server.ts:1325:9)
    at /Users/enderwar/Documents/Programming/external/leo/leo/node_modules/next/src/server/dev/next-dev-server.ts:461:14
    at Span.traceAsyncFn (/Users/enderwar/Documents/Programming/external/leo/leo/node_modules/next/src/trace/trace.ts:141:14)
    at DevServer.handleRequest (/Users/enderwar/Documents/Programming/external/leo/leo/node_modules/next/src/server/dev/next-dev-server.ts:459:20)
    at invokeRender (/Users/enderwar/Documents/Programming/external/leo/leo/node_modules/next/src/server/lib/router-server.ts:266:11)
    at handleRequest (/Users/enderwar/Documents/Programming/external/leo/leo/node_modules/next/src/server/lib/router-server.ts:512:16)
    at requestHandlerImpl (/Users/enderwar/Documents/Programming/external/leo/leo/node_modules/next/src/server/lib/router-server.ts:558:7)
    at Server.requestListener (/Users/enderwar/Documents/Programming/external/leo/leo/node_modules/next/src/server/lib/start-server.ts:139:7) @ webpack-internal:///(app-pages-browser)/./node_modules/next/dist/client/app-index.js:32
[   92302ms] [ERROR] Failed to load resource: the server responded with a status of 500 (Internal Server Error) @ http://localhost:3002/ru/dashboard/agents/agent-1/wizard:0
[   92303ms] [ERROR] Error loading balance: Error: 
Invalid `prisma.user.findUnique()` invocation:


Can't reach database server at `db:5432`

Please make sure your database server is running at `db:5432`.
    at $n.handleRequestError (/Users/enderwar/Documents/Programming/external/leo/leo/node_modules/@prisma/client/runtime/library.js:121:7615)
    at $n.handleAndLogRequestError (/Users/enderwar/Documents/Programming/external/leo/leo/node_modules/@prisma/client/runtime/library.js:121:6623)
    at $n.request (/Users/enderwar/Documents/Programming/external/leo/leo/node_modules/@prisma/client/runtime/library.js:121:6307)
    at l (/Users/enderwar/Documents/Programming/external/leo/leo/node_modules/@prisma/client/runtime/library.js:130:9633)
    at getUserBalance (webpack-internal:///(action-browser)/./lib/balance.ts:20:18)
    at getCurrentUserBalance (webpack-internal:///(action-browser)/./actions/balance.ts:37:19)
    at /Users/enderwar/Documents/Programming/external/leo/leo/node_modules/next/dist/compiled/next-server/webpack:/next/dist/esm/server/app-render/action-handler.js:467:31
    at rw (/Users/enderwar/Documents/Programming/external/leo/leo/node_modules/next/dist/compiled/next-server/webpack:/next/dist/esm/server/app-render/action-handler.js:309:9)
    at r6 (/Users/enderwar/Documents/Programming/external/leo/leo/node_modules/next/dist/compiled/next-server/webpack:/next/dist/esm/server/app-render/app-render.js:842:33)
    at doRender (/Users/enderwar/Documents/Programming/external/leo/leo/node_modules/next/src/server/base-server.ts:2352:20)
    at cacheEntry.responseCache.get.routeKind (/Users/enderwar/Documents/Programming/external/leo/leo/node_modules/next/src/server/base-server.ts:2580:30)
    at DevServer.renderToResponseWithComponentsImpl (/Users/enderwar/Documents/Programming/external/leo/leo/node_modules/next/src/server/base-server.ts:2454:24)
    at DevServer.renderPageComponent (/Users/enderwar/Documents/Programming/external/leo/leo/node_modules/next/src/server/base-server.ts:3040:16)
    at DevServer.renderToResponseImpl (/Users/enderwar/Documents/Programming/external/leo/leo/node_modules/next/src/server/base-server.ts:3102:24)
    at DevServer.pipeImpl (/Users/enderwar/Documents/Programming/external/leo/leo/node_modules/next/src/server/base-server.ts:1544:21)
    at DevServer.NextNodeServer.handleCatchallRenderRequest (/Users/enderwar/Documents/Programming/external/leo/leo/node_modules/next/src/server/next-server.ts:1007:7)
    at DevServer.handleRequestImpl (/Users/enderwar/Documents/Programming/external/leo/leo/node_modules/next/src/server/base-server.ts:1325:9)
    at /Users/enderwar/Documents/Programming/external/leo/leo/node_modules/next/src/server/dev/next-dev-server.ts:461:14
    at Span.traceAsyncFn (/Users/enderwar/Documents/Programming/external/leo/leo/node_modules/next/src/trace/trace.ts:141:14)
    at DevServer.handleRequest (/Users/enderwar/Documents/Programming/external/leo/leo/node_modules/next/src/server/dev/next-dev-server.ts:459:20)
    at invokeRender (/Users/enderwar/Documents/Programming/external/leo/leo/node_modules/next/src/server/lib/router-server.ts:266:11)
    at handleRequest (/Users/enderwar/Documents/Programming/external/leo/leo/node_modules/next/src/server/lib/router-server.ts:512:16)
    at requestHandlerImpl (/Users/enderwar/Documents/Programming/external/leo/leo/node_modules/next/src/server/lib/router-server.ts:558:7)
    at Server.requestListener (/Users/enderwar/Documents/Programming/external/leo/leo/node_modules/next/src/server/lib/start-server.ts:139:7) @ webpack-internal:///(app-pages-browser)/./node_modules/next/dist/client/app-index.js:32
